// Jest Snapshot v1, https://goo.gl/fbAQLP

exports[`Layer component Layer should render properly 1`] = `ShallowWrapper {}`;
