// Jest Snapshot v1, https://goo.gl/fbAQLP

exports[`LayerPopupContextMenu tests LayerPopupContextMenu properly renders 1`] = `ShallowWrapper {}`;
