// Jest Snapshot v1, https://goo.gl/fbAQLP

exports[`RectangleSettings test should render properly 1`] = `ShallowWrapper {}`;
