// Jest Snapshot v1, https://goo.gl/fbAQLP

exports[`DrawingLayer test set DrawingLayer renders properly 1`] = `ReactWrapper {}`;
