// Jest Snapshot v1, https://goo.gl/fbAQLP

exports[`SelectTool test set SelectTool renders properly 1`] = `ReactWrapper {}`;
