// Jest Snapshot v1, https://goo.gl/fbAQLP

exports[`TextTool test set should render properly 1`] = `ShallowWrapper {}`;
